src/components/Features/Company/index.tsx(164,65): error TS2339: Property 'config' does not exist on type '{ auth: AuthState; user: UserState; filter: FilterState; profile: ProfileState; }'.
