
> project-web-app@0.1.0 typecheck
> tsc --noEmit -p tsconfig.json

src/components/agents-ui/agent-track-control.tsx(89,3): error TS2322: Type '"default"' is not assignable to type 'never'.
src/components/agents-ui/agent-track-control.tsx(216,11): error TS2322: Type 'string' is not assignable to type 'undefined'.
src/components/ai-elements/conversation.tsx(163,7): error TS2322: Type '"small"' is not assignable to type '"default" | "icon" | "sm" | "lg" | "icon-xs" | "icon-sm" | "icon-lg" | null | undefined'.
src/components/ai-elements/conversation.tsx(165,7): error TS2820: Type '"outlined"' is not assignable to type '"link" | "outline" | "default" | "ghost" | "destructive" | null | undefined'. Did you mean '"outline"'?
src/components/JobSeekerProfile/index.tsx(359,25): error TS18047: 'allConfig' is possibly 'null'.
src/components/JobSeekerProfile/index.tsx(359,25): error TS18046: 'allConfig.experienceDict' is of type 'unknown'.
src/components/JobSeekerProfile/index.tsx(389,25): error TS18047: 'allConfig' is possibly 'null'.
src/layouts/components/commons/SubHeaderDialog/index.tsx(218,25): error TS2345: Argument of type 'SelectOption[]' is not assignable to parameter of type 'CareerOption[]'.
  Type 'SelectOption' is not assignable to type 'CareerOption'.
    Types of property 'id' are incompatible.
      Type 'string | number' is not assignable to type 'string'.
        Type 'number' is not assignable to type 'string'.
src/layouts/components/employers/Header/index.tsx(42,47): error TS2769: No overload matches this call.
  Overload 1 of 2, '(props: { component: ElementType<any, keyof IntrinsicElements>; } & AvatarOwnProps & AvatarSlotsAndSlotProps & CommonProps & Omit<...>): Element | null', gave the following error.
    Type 'string | null | undefined' is not assignable to type 'string | undefined'.
      Type 'null' is not assignable to type 'string | undefined'.
  Overload 2 of 2, '(props: DefaultComponentProps<AvatarTypeMap<{}, "div">>): Element | null', gave the following error.
    Type 'string | null | undefined' is not assignable to type 'string | undefined'.
      Type 'null' is not assignable to type 'string | undefined'.
src/layouts/components/MuiShellLayout.tsx(310,23): error TS2769: No overload matches this call.
  Overload 1 of 2, '(props: { component: ElementType<any, keyof IntrinsicElements>; } & AvatarOwnProps & AvatarSlotsAndSlotProps & CommonProps & Omit<...>): Element | null', gave the following error.
    Type 'string | null | undefined' is not assignable to type 'string | undefined'.
      Type 'null' is not assignable to type 'string | undefined'.
  Overload 2 of 2, '(props: DefaultComponentProps<AvatarTypeMap<{}, "div">>): Element | null', gave the following error.
    Type 'string | null | undefined' is not assignable to type 'string | undefined'.
      Type 'null' is not assignable to type 'string | undefined'.
src/pages/adminPages/UsersPage/index.tsx(76,21): error TS2322: Type 'number | undefined' is not assignable to type 'string | number'.
  Type 'undefined' is not assignable to type 'string | number'.
src/pages/components/defaults/CategoryCard/index.tsx(35,52): error TS2322: Type 'string | number' is not assignable to type 'string'.
  Type 'number' is not assignable to type 'string'.
src/pages/components/defaults/CategoryCard/index.tsx(38,52): error TS2322: Type 'string | number' is not assignable to type 'string'.
  Type 'number' is not assignable to type 'string'.
src/pages/components/defaults/CategoryCard/index.tsx(41,52): error TS2322: Type 'string | number' is not assignable to type 'string'.
  Type 'number' is not assignable to type 'string'.
src/pages/components/defaults/JobPostSearch/index.tsx(58,27): error TS2345: Argument of type 'SelectOption[] | undefined' is not assignable to parameter of type 'any[]'.
  Type 'undefined' is not assignable to type 'any[]'.
src/pages/components/defaults/JobPostSearch/index.tsx(63,27): error TS2345: Argument of type 'SelectOption[] | undefined' is not assignable to parameter of type 'any[]'.
  Type 'undefined' is not assignable to type 'any[]'.
src/pages/components/defaults/JobPostSearch/index.tsx(68,27): error TS2345: Argument of type 'SelectOption[] | undefined' is not assignable to parameter of type 'any[]'.
  Type 'undefined' is not assignable to type 'any[]'.
src/pages/components/defaults/JobPostSearch/index.tsx(73,27): error TS2345: Argument of type 'SelectOption[] | undefined' is not assignable to parameter of type 'any[]'.
  Type 'undefined' is not assignable to type 'any[]'.
src/pages/components/defaults/JobPostSearch/index.tsx(78,27): error TS2345: Argument of type 'SelectOption[] | undefined' is not assignable to parameter of type 'any[]'.
  Type 'undefined' is not assignable to type 'any[]'.
src/pages/components/employers/AppliedResumeCard/index.tsx(666,17): error TS18046: 'allConfig.applicationStatusOptions' is of type 'unknown'.
src/pages/components/employers/AppliedResumeCard/index.tsx(680,15): error TS2740: Type '{}' is missing the following properties from type 'readonly any[]': length, concat, join, slice, and 26 more.
src/pages/components/employers/AppliedResumeTable/index.tsx(233,31): error TS18046: 'allConfig.applicationStatusDict' is of type 'unknown'.
src/pages/components/employers/AppliedResumeTable/index.tsx(235,29): error TS18046: 'allConfig.applicationStatusDict' is of type 'unknown'.
src/pages/components/employers/AppliedResumeTable/index.tsx(259,71): error TS18046: 'allConfig.applicationStatusDict' is of type 'unknown'.
src/pages/components/employers/AppliedResumeTable/index.tsx(583,19): error TS2740: Type '{}' is missing the following properties from type 'any[]': length, pop, push, concat, and 35 more.
src/pages/components/employers/ProfileDetailCard/index.tsx(201,35): error TS18048: 'allConfig.genderDict' is possibly 'undefined'.
src/pages/components/employers/ProfileDetailCard/index.tsx(253,35): error TS18048: 'allConfig.maritalStatusDict' is possibly 'undefined'.
src/pages/components/employers/ProfileDetailCard/index.tsx(411,35): error TS18046: 'allConfig.positionDict' is of type 'unknown'.
src/pages/components/employers/ProfileDetailCard/index.tsx(435,35): error TS18046: 'allConfig.academicLevelDict' is of type 'unknown'.
src/pages/components/employers/ProfileDetailCard/index.tsx(463,35): error TS18046: 'allConfig.experienceDict' is of type 'unknown'.
src/pages/components/employers/ProfileDetailCard/index.tsx(565,35): error TS18046: 'allConfig.typeOfWorkplaceDict' is of type 'unknown'.
src/pages/components/employers/ProfileDetailCard/index.tsx(593,35): error TS18046: 'allConfig.jobTypeDict' is of type 'unknown'.
src/pages/components/employers/ProfileDetailCard/index.tsx(1079,42): error TS18046: 'allConfig.languageDict' is of type 'unknown'.
src/pages/components/employers/SavedResumeTable/index.tsx(180,26): error TS18046: 'allConfig.experienceDict' is of type 'unknown'.
src/pages/components/jobSeekers/BoxProfile/index.tsx(111,22): error TS2339: Property 'jobSeekerProfileId' does not exist on type 'User'.
src/pages/components/jobSeekers/BoxProfile/index.tsx(112,36): error TS2339: Property 'jobSeekerProfileId' does not exist on type 'User'.
src/pages/components/jobSeekers/BoxProfile/index.tsx(299,119): error TS18047: 'allConfig' is possibly 'null'.
src/pages/components/jobSeekers/BoxProfile/index.tsx(299,119): error TS18046: 'allConfig.experienceDict' is of type 'unknown'.
src/pages/components/jobSeekers/BoxProfile/index.tsx(300,104): error TS18047: 'allConfig' is possibly 'null'.
src/pages/components/jobSeekers/BoxProfile/index.tsx(300,104): error TS18046: 'allConfig.positionDict' is of type 'unknown'.
src/pages/components/jobSeekers/GeneralInfoCard/index.tsx(407,31): error TS18047: 'allConfig' is possibly 'null'.
src/pages/components/jobSeekers/GeneralInfoCard/index.tsx(407,31): error TS18046: 'allConfig.positionDict' is of type 'unknown'.
src/pages/components/jobSeekers/GeneralInfoCard/index.tsx(415,31): error TS18047: 'allConfig' is possibly 'null'.
src/pages/components/jobSeekers/GeneralInfoCard/index.tsx(415,31): error TS18046: 'allConfig.academicLevelDict' is of type 'unknown'.
src/pages/components/jobSeekers/GeneralInfoCard/index.tsx(423,31): error TS18047: 'allConfig' is possibly 'null'.
src/pages/components/jobSeekers/GeneralInfoCard/index.tsx(423,31): error TS18046: 'allConfig.experienceDict' is of type 'unknown'.
src/pages/components/jobSeekers/GeneralInfoCard/index.tsx(431,31): error TS18047: 'allConfig' is possibly 'null'.
src/pages/components/jobSeekers/GeneralInfoCard/index.tsx(431,52): error TS7015: Element implicitly has an 'any' type because index expression is not of type 'number'.
src/pages/components/jobSeekers/GeneralInfoCard/index.tsx(455,31): error TS18047: 'allConfig' is possibly 'null'.
src/pages/components/jobSeekers/GeneralInfoCard/index.tsx(489,31): error TS18047: 'allConfig' is possibly 'null'.
src/pages/components/jobSeekers/GeneralInfoCard/index.tsx(489,31): error TS18046: 'allConfig.typeOfWorkplaceDict' is of type 'unknown'.
src/pages/components/jobSeekers/GeneralInfoCard/index.tsx(501,31): error TS18047: 'allConfig' is possibly 'null'.
src/pages/components/jobSeekers/GeneralInfoCard/index.tsx(501,31): error TS18046: 'allConfig.jobTypeDict' is of type 'unknown'.
src/pages/components/jobSeekers/JobApplicationCard/index.tsx(103,35): error TS2339: Property 'jobSeekerProfileId' does not exist on type 'User'.
src/pages/components/jobSeekers/JobPostNotificationCard/index.tsx(525,28): error TS18046: 'allConfig.frequencyNotificationDict' is of type 'unknown'.
src/pages/components/jobSeekers/JobPostNotificationCard/index.tsx(529,32): error TS18046: 'allConfig.frequencyNotificationDict' is of type 'unknown'.
src/pages/components/jobSeekers/JobPostNotificationForm/index.tsx(175,7): error TS2322: Type 'string | number | null | undefined' is not assignable to type 'number | null | undefined'.
  Type 'string' is not assignable to type 'number'.
src/pages/components/jobSeekers/JobPostNotificationForm/index.tsx(183,13): error TS18048: 'allConfig.frequencyNotificationOptions' is possibly 'undefined'.
src/pages/components/jobSeekers/JobPostNotificationForm/index.tsx(232,9): error TS2322: Type 'string | number | null | undefined' is not assignable to type 'number | null | undefined'.
  Type 'string' is not assignable to type 'number'.
src/pages/components/jobSeekers/JobPostNotificationForm/index.tsx(233,13): error TS18048: 'allConfig.frequencyNotificationOptions' is possibly 'undefined'.
src/pages/components/jobSeekers/JobPostNotificationForm/index.tsx(251,50): error TS2345: Argument of type '(data: FormValues) => void' is not assignable to parameter of type 'SubmitHandler<TFieldValues>'.
  Types of parameters 'data' and 'data' are incompatible.
    Type 'TFieldValues' is not assignable to type 'FormValues'.
      Type 'FieldValues' is missing the following properties from type 'FormValues': frequency, jobName, career, city, and 3 more.
src/pages/components/jobSeekers/LanguageSkillCard/index.tsx(538,38): error TS18047: 'allConfig' is possibly 'null'.
src/pages/components/jobSeekers/LanguageSkillCard/index.tsx(538,38): error TS18046: 'allConfig.languageDict' is of type 'unknown'.
src/pages/components/jobSeekers/ProfileUpload/index.tsx(109,35): error TS2339: Property 'jobSeekerProfileId' does not exist on type 'User'.
